2025-10-27T13:29:42.9300175-04:00 [/1] Editor Services Host v17.0.28.34589 starting (pid 33552)...
2025-10-27T13:29:42.9811938-04:00 [/1] Editor Services Host started!
2025-10-27T13:29:46.4761195-04:00 [/7] Sending request to https://api.businesscentral.dynamics.com/v2.0/V-ProdCopy1017/dev/metadata?tenant=62ef3d53-7be8-4daa-b9ff-d0f2c255f8dd with request ID 9083ea12-d831-4cd6-80ef-f122f4139fee and session ID ebeec854-1c4f-4028-9cb3-c190cff3e7c1
2025-10-27T13:29:46.7324060-04:00 [/15] Sending request to https://api.businesscentral.dynamics.com/v2.0/V-ProdCopy1017/dev/webendpoint with request ID f8e04b49-0f6a-41d9-961a-57627061a30d and session ID ebeec854-1c4f-4028-9cb3-c190cff3e7c1
2025-10-27T13:29:49.7291997-04:00 [/1] Editor Services Host v17.0.28.34589 starting (pid 40336)...
2025-10-27T13:29:49.7797629-04:00 [/1] Editor Services Host started!
2025-10-27T13:29:49.9960834-04:00 [1/14] Sending request to https://api.businesscentral.dynamics.com/v2.0/V-ProdCopy1017/dev/metadata?tenant=62ef3d53-7be8-4daa-b9ff-d0f2c255f8dd with request ID 4af5a5a5-93ef-4033-bb26-9a66d0095af5 and session ID c9608ed0-ac05-413f-b857-22c5b70e6684
2025-10-27T13:29:50.2817375-04:00 [/15] Sending request to https://api.businesscentral.dynamics.com/v2.0/V-ProdCopy1017/dev/webendpoint with request ID da5856e4-b8cd-4732-bbe1-0b04f91e1802 and session ID c9608ed0-ac05-413f-b857-22c5b70e6684
2025-10-27T13:37:15.1995900-04:00 [/1] Editor Services Host v17.0.28.34589 starting (pid 41308)...
2025-10-27T13:37:15.2497083-04:00 [/1] Editor Services Host started!
2025-10-27T13:37:15.4706019-04:00 [1/14] Sending request to https://api.businesscentral.dynamics.com/v2.0/V-ProdCopy1007/dev/metadata?tenant=62ef3d53-7be8-4daa-b9ff-d0f2c255f8dd with request ID da0f431c-6ff9-4127-9773-c9ef3ee4c195 and session ID abc1b913-72c6-42ec-83a8-d1c47ee76503
2025-10-27T13:37:16.0590833-04:00 [/9] Sending request to https://api.businesscentral.dynamics.com/v2.0/V-ProdCopy1007/dev/apps?tenant=62ef3d53-7be8-4daa-b9ff-d0f2c255f8dd&SchemaUpdateMode=forcesync&DependencyPublishingOption=default with request ID 607b21f3-272c-4906-9cc8-1b4c24510344 and session ID abc1b913-72c6-42ec-83a8-d1c47ee76503
2025-10-27T13:37:20.6741293-04:00 [/1] Editor Services Host v17.0.28.34589 starting (pid 44192)...
2025-10-27T13:37:20.7282417-04:00 [/1] Editor Services Host started!
2025-10-27T13:37:20.9631494-04:00 [1/14] Sending request to https://api.businesscentral.dynamics.com/v2.0/V-ProdCopy1007/dev/apps?tenant=62ef3d53-7be8-4daa-b9ff-d0f2c255f8dd&SchemaUpdateMode=forcesync&DependencyPublishingOption=default with request ID ae0694cc-9c4d-4582-b59d-9f8a0bcc7dd1 and session ID 570cbb59-9adc-4662-a186-48c8fcf81b99
2025-10-27T13:37:40.2798605-04:00 [/1] Editor Services Host v17.0.28.34589 starting (pid 38980)...
2025-10-27T13:37:40.3321403-04:00 [/1] Editor Services Host started!
2025-10-27T13:37:40.5687422-04:00 [1/14] Sending request to https://api.businesscentral.dynamics.com/v2.0/V-ProdCopy1007/dev/apps?tenant=62ef3d53-7be8-4daa-b9ff-d0f2c255f8dd&SchemaUpdateMode=forcesync&DependencyPublishingOption=default with request ID 01081bba-3178-4f95-9458-5066cd917e9f and session ID 0ebfd9e9-d243-451d-a803-e79ffcab790d
2025-10-27T13:38:57.4341893-04:00 [/1] Editor Services Host v17.0.28.34589 starting (pid 40392)...
2025-10-27T13:38:57.5400541-04:00 [/1] Editor Services Host started!
2025-10-27T13:38:58.1379910-04:00 [1/14] Sending request to https://api.businesscentral.dynamics.com/v2.0/V-ProdCopy1007/dev/apps?tenant=62ef3d53-7be8-4daa-b9ff-d0f2c255f8dd&SchemaUpdateMode=forcesync&DependencyPublishingOption=default with request ID 5f39a6b9-25ab-48db-a140-7b34d9044ad5 and session ID 8b9f64a6-fc0e-45b2-9d68-64d846936b01
