2025-10-27T13:23:05.7457956-04:00 [/1] Editor Services Host v17.0.28.34589 starting (pid 40816)...
2025-10-27T13:23:05.9249036-04:00 [/1] Editor Services Host started!
2025-10-27T13:23:46.9470222-04:00 [/1] Editor Services Host v17.0.28.34589 starting (pid 26632)...
2025-10-27T13:23:47.0262905-04:00 [/1] Editor Services Host started!
2025-10-27T13:23:54.7419143-04:00 [/1] Editor Services Host exited normally.
2025-10-27T13:23:59.6678615-04:00 [/1] Editor Services Host v17.0.28.34589 starting (pid 42824)...
2025-10-27T13:23:59.7868436-04:00 [/1] Editor Services Host started!
2025-10-27T13:25:48.6666948-04:00 [/1] Editor Services Host exited normally.
2025-10-27T13:26:33.2977806-04:00 [/1] Editor Services Host v17.0.28.34589 starting (pid 5852)...
2025-10-27T13:26:33.3711394-04:00 [/1] Editor Services Host started!
2025-10-27T13:53:26.2454727-04:00 [/1] Editor Services Host exited normally.
2025-10-27T14:02:46.5558125-04:00 [/1] Editor Services Host v17.0.28.34589 starting (pid 3932)...
2025-10-27T14:02:46.6256791-04:00 [/1] Editor Services Host started!
2025-10-27T14:02:50.1713343-04:00 [/1] Editor Services Host exited normally.
2025-10-27T14:02:58.3774830-04:00 [/1] Editor Services Host v17.0.28.34589 starting (pid 41104)...
2025-10-27T14:02:58.4370385-04:00 [/1] Editor Services Host started!
2025-10-27T14:03:11.9991818-04:00 [/1] Editor Services Host exited normally.
2025-10-27T14:03:16.3851362-04:00 [/1] Editor Services Host v17.0.28.34589 starting (pid 26828)...
2025-10-27T14:03:16.4544917-04:00 [/1] Editor Services Host started!
2025-10-28T04:44:35.6548981-04:00 [/1] Editor Services Host exited normally.
2025-10-28T14:40:17.0479910-04:00 [/1] Editor Services Host v17.0.28.34589 starting (pid 44096)...
2025-10-28T14:40:17.1640291-04:00 [/1] Editor Services Host started!
2025-10-28T14:40:25.4593968-04:00 [/1] Editor Services Host exited normally.
2025-10-28T14:40:28.1615963-04:00 [/1] Editor Services Host v17.0.28.34589 starting (pid 28336)...
2025-10-28T14:40:28.2470428-04:00 [/1] Editor Services Host started!
2025-10-28T14:44:31.8554504-04:00 [/1] Editor Services Host exited normally.
2025-10-28T14:44:36.3744690-04:00 [/1] Editor Services Host v17.0.28.34589 starting (pid 40592)...
2025-10-28T14:44:36.4427265-04:00 [/1] Editor Services Host started!
2025-10-28T14:45:31.6955431-04:00 [/7] Sending request to https://api.businesscentral.dynamics.com/v2.0/V-ProdCopy1007/dev/apps?tenant=62ef3d53-7be8-4daa-b9ff-d0f2c255f8dd&SchemaUpdateMode=forcesync&DependencyPublishingOption=ignore with request ID 19bad967-a543-4c13-a5d5-e3052e82df01 and session ID 19c96e77-be46-4462-b876-68ad4f5e89c6
2025-10-28T14:45:36.1469238-04:00 [/23] Sending request to https://api.businesscentral.dynamics.com/v2.0/V-ProdCopy1007/dev/apps?tenant=62ef3d53-7be8-4daa-b9ff-d0f2c255f8dd&SchemaUpdateMode=forcesync&DependencyPublishingOption=ignore with request ID e4392ed5-3d76-4558-938e-6a12cfc965b2 and session ID 19c96e77-be46-4462-b876-68ad4f5e89c6
2025-10-28T15:14:59.3634776-04:00 [/1] Editor Services Host exited normally.
2025-10-28T15:38:47.8688268-04:00 [/1] Editor Services Host v17.0.28.34589 starting (pid 48664)...
2025-10-28T15:38:47.9421703-04:00 [/1] Editor Services Host started!
2025-10-28T15:40:09.5258323-04:00 [/1] Editor Services Host exited normally.
2025-10-29T10:03:41.6249477-04:00 [/1] Editor Services Host v17.0.28.34589 starting (pid 42808)...
2025-10-29T10:03:41.7125790-04:00 [/1] Editor Services Host started!
2025-10-29T10:07:33.5776627-04:00 [/1] Editor Services Host exited normally.
2025-10-31T05:12:28.1747110-04:00 [/1] Editor Services Host v17.0.28.34589 starting (pid 38160)...
2025-10-31T05:12:28.4488312-04:00 [/1] Editor Services Host started!
2025-10-31T05:13:04.8688839-04:00 [/1] System.AggregateException: One or more errors occurred. (One or more errors occurred. (MessageReader's input stream ended unexpectedly, terminating.))
 ---> System.AggregateException: One or more errors occurred. (MessageReader's input stream ended unexpectedly, terminating.)
 ---> System.IO.EndOfStreamException: MessageReader's input stream ended unexpectedly, terminating.
   at Microsoft.Dynamics.Nav.EditorServices.Protocol.MessageProtocol.MessageReader.ReadNextChunk() in X:\source\Prod\Microsoft.Dynamics.Nav.EditorServices.Protocol\MessageProtocol\MessageReader.cs:line 112
   at Microsoft.Dynamics.Nav.EditorServices.Protocol.MessageProtocol.MessageReader.ReadMessage() in X:\source\Prod\Microsoft.Dynamics.Nav.EditorServices.Protocol\MessageProtocol\MessageReader.cs:line 65
   at Microsoft.Dynamics.Nav.EditorServices.Protocol.MessageProtocol.RequestDispatcher.ListenForMessages(CancellationToken cancellationToken) in X:\source\Prod\Microsoft.Dynamics.Nav.EditorServices.Protocol\MessageProtocol\RequestDispatcher.cs:line 70
   at Microsoft.Dynamics.Nav.EditorServices.Protocol.Utility.AsyncContext.Start(Func`1 asyncMainFunc) in X:\source\Prod\Microsoft.Dynamics.Nav.EditorServices.Protocol\Utility\AsyncContext.cs:line 28
   at Microsoft.Dynamics.Nav.EditorServices.Protocol.Utility.AsyncContextThread.<>c__DisplayClass4_0.<Run>b__0() in X:\source\Prod\Microsoft.Dynamics.Nav.EditorServices.Protocol\Utility\AsyncContextThread.cs:line 28
   at System.Threading.ExecutionContext.RunInternal(ExecutionContext executionContext, ContextCallback callback, Object state)
--- End of stack trace from previous location ---
   at System.Threading.ExecutionContext.RunInternal(ExecutionContext executionContext, ContextCallback callback, Object state)
   at System.Threading.Tasks.Task.ExecuteWithThreadLocal(Task& currentTaskSlot, Thread threadPoolThread)
   --- End of inner exception stack trace ---
   --- End of inner exception stack trace ---
   at System.Threading.Tasks.Task.ThrowIfExceptional(Boolean includeTaskCanceledExceptions)
   at System.Threading.Tasks.Task.Wait(Int32 millisecondsTimeout, CancellationToken cancellationToken)
   at System.Threading.Tasks.Task.Wait()
   at Microsoft.Dynamics.Nav.EditorServices.Protocol.MessageProtocol.ProtocolEndpointCompletionSource.WaitForStop() in X:\source\Prod\Microsoft.Dynamics.Nav.EditorServices.Protocol\MessageProtocol\ProtocolEndpointCompletionSource.cs:line 18
   at Microsoft.Dynamics.Nav.EditorServices.Protocol.MessageProtocol.ProtocolEndpoint.WaitForExit() in X:\source\Prod\Microsoft.Dynamics.Nav.EditorServices.Protocol\MessageProtocol\ProtocolEndpoint.cs:line 34
   at Prod.EditorServices.Host.Program.Main(String[] args) in X:\source\Prod\Microsoft.Dynamics.Nav.EditorServices.Host\Program.cs:line 251
